Title:     【自分用】ArchLinuxのインストール手順 (2021年12月)  
Date:      2021-12-11 21:36  
Category:  Tech  
Tags:	   ArchLinux, Vultr    
Slug:	   vx5n43  
Author:    blackle0pard  

[Vultr](https://www.vultr.com/)にArchLinuxをインストールするための、自分用メモ。正しいインストール手順は、[Installation guide - ArchWiki](https://wiki.archlinux.org/title/Installation_guide) を参照してください。

# ISOイメージの準備
- Vultrでは自分で用意したISOイメージを使ってOSをインストールすることができます。  
    - [How to Upload Custom ISOs to Vultr - Vultr.com](https://www.vultr.com/docs/requirements-for-uploading-an-os-iso-to-vultr)  
- [ISO Library](https://www.vultr.com/news/Introducing-The-ISO-Library/)の中にArchLinuxが用意されていますが、今回は自分で用意したISOイメージ(archlinux-2021.12.01-x86_64.iso)を使いました。  
- ArchLinuxのISOイメージ (日本のサーバー)  
    - [cat.net](https://mirrors.cat.net/archlinux/)  
    - [jaist.ac.jp](http://ftp.jaist.ac.jp/pub/Linux/ArchLinux/)  
    - [tsukuba.wide.ad.jp](http://ftp.tsukuba.wide.ad.jp/Linux/archlinux/)  
    - 最新の情報は、[Arch Linux JP Project - ダウンロード](https://www.archlinux.jp/download/)で確認。  

# SSHログインの準備
- 準備したISOイメージで起動後、SSHでログイン出来るように設定変更します。
- [Vultr Web Console FAQ - Vultr.com](https://www.vultr.com/docs/vultr-web-console-faq/#Frequently_Asked_Questions)
  - VultrのWebコンソールはUSキーボードのみの対応で、他の言語のキーボードへ設定変更不可なので注意する。
- rootユーザーのパスワードを設定します。  

```
# passwd
New password: <Password>
Retype new password: <Password>
```

# インストール

- SSHでログインすると、下記のように表示されます。

```
% ssh root@***.***.***.***
Warning: Permanently added '***.***.***.***' (ED25519) to the list of known hosts.
(root@***.***.***.***) Password: 
To install Arch Linux follow the installation guide:
https://wiki.archlinux.org/title/Installation_guide

For Wi-Fi, authenticate to the wireless network using the iwctl utility.
For mobile broadband (WWAN) modems, connect with the mmcli utility.
Ethernet, WLAN and WWAN interfaces using DHCP should work automatically.

After connecting to the internet, the installation guide can be accessed
via the convenience script Installation_guide.

Last login: Sat Dec 11 07:44:46 2021
# 
```  

- サーバーの環境を確認します。  

```
# uname -srvmo
Linux 5.15.5-arch1-1 #1 SMP PREEMPT Thu, 25 Nov 2021 22:09:33 +0000 x86_64 GNU/Linux
```

```
# cat /etc/os-release 
NAME="Arch Linux"
PRETTY_NAME="Arch Linux"
ID=arch
BUILD_ID=rolling
ANSI_COLOR="38;2;23;147;209"
HOME_URL="https://archlinux.org/"
DOCUMENTATION_URL="https://wiki.archlinux.org/"
SUPPORT_URL="https://bbs.archlinux.org/"
BUG_REPORT_URL="https://bugs.archlinux.org/"
LOGO=archlinux-logo
IMAGE_ID=archlinux
IMAGE_VERSION=2021.12.01
```

- キーボードのレイアウトを確認します(自分は日本語キーボードを使っているので、jpでgrepしています)。  

```
ls /usr/share/kbd/keymaps/**/*.map.gz | grep jp
/usr/share/kbd/keymaps/i386/qwerty/jp106.map.gz
```

```
# localectl list-keymaps| grep jp
jp106
```

- 日本語キーボードのレイアウトに変更します。  

```
# loadkeys jp106
```

- boot modeを確認します。[efivars ディレクトリ](https://wiki.archlinux.org/title/Unified_Extensible_Firmware_Interface#UEFI_variables) がないので、BIOS modeで動いていると判断します。  

```
#  ls /sys/firmware/efi/efivars
ls: cannot access '/sys/firmware/efi/efivars': No such file or directory
```
- ネットワークを確認します。通常、NWインタフェースは1つのみですが、[Private Network](https://www.vultr.com/ja/features/advanced-networking/)を追加していると、2つ以上接続されている場合があります。    

```
# ip link
1: lo: <LOOPBACK,UP,LOWER_UP> mtu 65536 qdisc noqueue state UNKNOWN mode DEFAULT group default qlen 1000
    link/loopback 00:00:00:00:00:00 brd 00:00:00:00:00:00
2: enp1s0: <BROADCAST,MULTICAST,UP,LOWER_UP> mtu 1500 qdisc fq_codel state UP mode DEFAULT group default qlen 1000
    link/ether **:**:**:**:**:** brd ff:ff:ff:ff:ff:ff
3: enp6s0: <BROADCAST,MULTICAST,UP,LOWER_UP> mtu 1450 qdisc mq state UP mode DEFAULT group default qlen 1000
    link/ether **:**:**:**:**:** brd ff:ff:ff:ff:ff:ff
```

- システムクロックの同期状態を確認します。  

```
# timedatectl status
               Local time: Sat 2021-12-11 07:50:53 UTC
           Universal time: Sat 2021-12-11 07:50:53 UTC
                 RTC time: Sat 2021-12-11 07:50:54
                Time zone: UTC (UTC, +0000)
System clock synchronized: no
              NTP service: inactive
          RTC in local TZ: no
```

- システムクロックの同期を有効化します。  

```
# timedatectl set-ntp true
```

- システムクロックの同期状態を確認します。  

```
# timedatectl status
               Local time: Sat 2021-12-11 07:51:25 UTC
           Universal time: Sat 2021-12-11 07:51:25 UTC
                 RTC time: Sat 2021-12-11 07:51:25
                Time zone: UTC (UTC, +0000)
System clock synchronized: yes
              NTP service: active
          RTC in local TZ: no
```

- パーティションテーブルを一覧表示します (パーティションを作成するデバイスは`/dev/vda`であることを確認)。  

```
# fdisk -l
Disk /dev/vda: 25 GiB, 26843545600 bytes, 52428800 sectors
Units: sectors of 1 * 512 = 512 bytes
Sector size (logical/physical): 512 bytes / 512 bytes
I/O size (minimum/optimal): 512 bytes / 512 bytes


Disk /dev/loop0: 701.33 MiB, 735399936 bytes, 1436328 sectors
Units: sectors of 1 * 512 = 512 bytes
Sector size (logical/physical): 512 bytes / 512 bytes
I/O size (minimum/optimal): 512 bytes / 512 bytes
```

- パーティションを作成します。今回は、Swap 1GB。それ以外はrootディレクトリにします。  

```
# fdisk /dev/vda 

Welcome to fdisk (util-linux 2.37.2).
Changes will remain in memory only, until you decide to write them.
Be careful before using the write command.

Device does not contain a recognized partition table.
Created a new DOS disklabel with disk identifier 0x0b9a45d3.

Command (m for help): p
Disk /dev/vda: 25 GiB, 26843545600 bytes, 52428800 sectors
Units: sectors of 1 * 512 = 512 bytes
Sector size (logical/physical): 512 bytes / 512 bytes
I/O size (minimum/optimal): 512 bytes / 512 bytes
Disklabel type: dos
Disk identifier: 0x0b9a45d3

Command (m for help): n
Partition type
   p   primary (0 primary, 0 extended, 4 free)
   e   extended (container for logical partitions)
Select (default p): p
Partition number (1-4, default 1): 1
First sector (2048-52428799, default 2048): 
Last sector, +/-sectors or +/-size{K,M,G,T,P} (2048-52428799, default 52428799): +1G

Created a new partition 1 of type 'Linux' and of size 1 GiB.

Command (m for help): p
Disk /dev/vda: 25 GiB, 26843545600 bytes, 52428800 sectors
Units: sectors of 1 * 512 = 512 bytes
Sector size (logical/physical): 512 bytes / 512 bytes
I/O size (minimum/optimal): 512 bytes / 512 bytes
Disklabel type: dos
Disk identifier: 0x0b9a45d3

Device     Boot Start     End Sectors Size Id Type
/dev/vda1        2048 2099199 2097152   1G 83 Linux

Command (m for help): t
Selected partition 1
Hex code or alias (type L to list all): 82
Changed type of partition 'Linux' to 'Linux swap / Solaris'.

Command (m for help): p
Disk /dev/vda: 25 GiB, 26843545600 bytes, 52428800 sectors
Units: sectors of 1 * 512 = 512 bytes
Sector size (logical/physical): 512 bytes / 512 bytes
I/O size (minimum/optimal): 512 bytes / 512 bytes
Disklabel type: dos
Disk identifier: 0x0b9a45d3

Device     Boot Start     End Sectors Size Id Type
/dev/vda1        2048 2099199 2097152   1G 82 Linux swap / Solaris

Command (m for help): n
Partition type
   p   primary (1 primary, 0 extended, 3 free)
   e   extended (container for logical partitions)
Select (default p): p
Partition number (2-4, default 2): 2
First sector (2099200-52428799, default 2099200): 
Last sector, +/-sectors or +/-size{K,M,G,T,P} (2099200-52428799, default 52428799): 

Created a new partition 2 of type 'Linux' and of size 24 GiB.

Command (m for help): p
Disk /dev/vda: 25 GiB, 26843545600 bytes, 52428800 sectors
Units: sectors of 1 * 512 = 512 bytes
Sector size (logical/physical): 512 bytes / 512 bytes
I/O size (minimum/optimal): 512 bytes / 512 bytes
Disklabel type: dos
Disk identifier: 0x0b9a45d3

Device     Boot   Start      End  Sectors Size Id Type
/dev/vda1          2048  2099199  2097152   1G 82 Linux swap / Solaris
/dev/vda2       2099200 52428799 50329600  24G 83 Linux

Command (m for help): w
The partition table has been altered.
Calling ioctl() to re-read partition table.
Syncing disks.
```

- パーティションテーブルを確認します。  

```
# fdisk -l        
Disk /dev/vda: 25 GiB, 26843545600 bytes, 52428800 sectors
Units: sectors of 1 * 512 = 512 bytes
Sector size (logical/physical): 512 bytes / 512 bytes
I/O size (minimum/optimal): 512 bytes / 512 bytes
Disklabel type: dos
Disk identifier: 0x0b9a45d3

Device     Boot   Start      End  Sectors Size Id Type
/dev/vda1          2048  2099199  2097152   1G 82 Linux swap / Solaris
/dev/vda2       2099200 52428799 50329600  24G 83 Linux


Disk /dev/loop0: 701.33 MiB, 735399936 bytes, 1436328 sectors
Units: sectors of 1 * 512 = 512 bytes
Sector size (logical/physical): 512 bytes / 512 bytes
I/O size (minimum/optimal): 512 bytes / 512 bytes
```

- メモリの状態を確認します(この時点で、swapはない)。

```
# free -h 
               total        used        free      shared  buff/cache   available
Mem:           970Mi       122Mi       286Mi       174Mi       560Mi       534Mi
Swap:             0B          0B          0B
```

- swapパーティションを作成します。  

```
# mkswap /dev/vda1 
Setting up swapspace version 1, size = 1024 MiB (1073737728 bytes)
no label, UUID=4ce8ea7b-5c2a-4df6-85d8-8b7b597acf1a
```

- 初期化します。  

```
# swapon /dev/vda1 
```

- swapパーティションが作成されたことを確認します。  

```
# free -h
               total        used        free      shared  buff/cache   available
Mem:           970Mi       122Mi       286Mi       174Mi       561Mi       535Mi
Swap:          1.0Gi          0B       1.0Gi
```

- Ext4でパーティションを作成します。  

```
# mkfs.ext4 /dev/vda2
mke2fs 1.46.4 (18-Aug-2021)
Discarding device blocks: done                            
Creating filesystem with 6291200 4k blocks and 1572864 inodes
Filesystem UUID: d01cd335-604a-4fe3-a27f-e97666d5b666
Superblock backups stored on blocks: 
    32768, 98304, 163840, 229376, 294912, 819200, 884736, 1605632, 2654208, 
    4096000

Allocating group tables: done                            
Writing inode tables: done                            
Creating journal (32768 blocks): done
Writing superblocks and filesystem accounting information: done   
```

- 現在、マウントされているディレクトリを確認します。  

```
# df -h
Filesystem      Size  Used Avail Use% Mounted on
dev             452M     0  452M   0% /dev
run             486M  166M  320M  35% /run
/dev/sr0        851M  851M     0 100% /run/archiso/bootmnt
cowspace        256M  4.1M  252M   2% /run/archiso/cowspace
/dev/loop0      702M  702M     0 100% /run/archiso/airootfs
airootfs        256M  4.1M  252M   2% /
tmpfs           486M     0  486M   0% /dev/shm
tmpfs           486M     0  486M   0% /tmp
tmpfs           486M  2.2M  484M   1% /etc/pacman.d/gnupg
tmpfs            98M     0   98M   0% /run/user/0
```

- ISOイメージを/mnt ディレクトリにマウントします。  

```
# mount /dev/vda2 /mnt 
```

- ISOイメージが/mnt ディレクトリにマウントされたことを確認します。  

```
# df -h                
Filesystem      Size  Used Avail Use% Mounted on
dev             452M     0  452M   0% /dev
run             486M  166M  320M  35% /run
/dev/sr0        851M  851M     0 100% /run/archiso/bootmnt
cowspace        256M  4.1M  252M   2% /run/archiso/cowspace
/dev/loop0      702M  702M     0 100% /run/archiso/airootfs
airootfs        256M  4.1M  252M   2% /
tmpfs           486M     0  486M   0% /dev/shm
tmpfs           486M     0  486M   0% /tmp
tmpfs           486M  2.2M  484M   1% /etc/pacman.d/gnupg
tmpfs            98M     0   98M   0% /run/user/0
/dev/vda2        24G   24K   23G   1% /mnt
```

- pacmanのパッケージリストを修正します(既存の参照先は全て削除して、新しく追加します)。参照先は下記のサイトから確認。    
    - [Arch Linux - Pacman Mirrorlist Generator](https://archlinux.org/mirrorlist/)  
    - [https://archlinux.org/mirrorlist/?country=JP&protocol=http&protocol=https&ip\_version=4&use\_mirror_status=on](https://archlinux.org/mirrorlist/?country=JP&protocol=http&protocol=https&ip_version=4&use_mirror_status=on)

```
# vim /etc/pacman.d/mirrorlist 
```

```
# cat /etc/pacman.d/mirrorlist 
#
# Arch Linux repository mirrorlist
# Filtered by mirror score from mirror status page
# Generated on 2021-12-11
#

# Japan
Server = http://mirrors.cat.net/archlinux/$repo/os/$arch
# Japan
Server = http://ftp.tsukuba.wide.ad.jp/Linux/archlinux/$repo/os/$arch
# Japan
Server = https://ftp.jaist.ac.jp/pub/Linux/ArchLinux/$repo/os/$arch
# Japan
Server = https://mirrors.cat.net/archlinux/$repo/os/$arch
# Japan
Server = http://ftp.jaist.ac.jp/pub/Linux/ArchLinux/$repo/os/$arch
```

- 必須パッケージをインストールします。  

```
# pacstrap /mnt base linux-lts linux-firmware
```

# システム設定

- fstabの設定を確認します(何も設定が入っていないはず)。

```
# cat /mnt/etc/fstab
# Static information about the filesystems.
# See fstab(5) for details.

# <file system> <dir> <type> <options> <dump> <pass>
```

- fstabを修正します。  

```
# genfstab -U /mnt >> /mnt/etc/fstab
```

- 設定が追加されたことを確認します。  

```
# cat /mnt/etc/fstab                
# Static information about the filesystems.
# See fstab(5) for details.

# <file system> <dir> <type> <options> <dump> <pass>
# /dev/vda2
UUID=d01cd335-604a-4fe3-a27f-e97666d5b666	/         	ext4      	rw,relatime	0 1

# /dev/vda1
UUID=4ce8ea7b-5c2a-4df6-85d8-8b7b597acf1a	none      	swap      	defaults  	0 0
```

- rootディレクトリを変更します。  

```
# arch-chroot /mnt
# 
```

- 現在の時刻表記を確認します。  

```
# date
Sat Dec 11 07:59:54 UTC 2021
```

- タイムゾーンを日本に設定します。  

```
# ln -sf /usr/share/zoneinfo/Asia/Tokyo /etc/localtime
```

- タイムゾーンが日本に設定されたことを確認します。  
```
# date
Sat Dec 11 18:13:20 JST 2021
```

- adjtimeファイルがないことを確認します。  

```
# ls /etc/adjtime
ls: cannot access '/etc/adjtime': No such file or directory
```

- ハードウェア・クロックを現在のシステム・クロックに合わせます。  

```
# hwclock --systohc
```

- adjtimeファイルが作成されたことを確認します。  

```
# ls /etc/adjtime
/etc/adjtime
```

```
# cat /etc/adjtime
0.000000 1639209682 0.000000
1639209682
UTC
```

- vimをインストールします。  

```
# pacman -S vim --noconfirm
```

- ロケールの一覧から`en_US.UTF-8 UTF-8`をアンコメントします。  

```
# vim /etc/locale.gen
```

- ロケールを生成します。  

```
# locale-gen 
Generating locales...
  en_US.UTF-8... done
Generation complete.
```

- システム全体のロケールを設定します。  

```
# echo LANG=en_US.UTF-8 > /etc/locale.conf
```

- /etc/locale.confファイルが作成されたことを確認します。  

```
# cat /etc/locale.conf 
LANG=en_US.UTF-8
```

- 日本語キーボードのレイアウトに変更します。  

```
# echo jp106  > /etc/vconsole.conf
```

- /etc/vconsole.confファイルが作成されたことを確認します。  

```
# cat /etc/vconsole.conf 
jp106
```

- ホスト名を設定します。  

```
# echo hoge.blackle0pard.local > /etc/hostname
```

- /etc/hostnameファイルが作成されたことを確認します。  

```
# cat /etc/hostname 
hoge.blackle0pard.local
```

- hostsファイルを修正します。  

```
# vim /etc/hosts
```

- 修正した内容を確認します。  

``` 
# Static table lookup for hostnames.
# See hosts(5) for details.

127.0.0.1       localhost
127.0.0.1       hoge.blackle0pard.local hoge
```

- rootユーザーのパスワードを設定します。  

```
# passwd
New password: 
Retype new password: 
passwd: password updated successfully
```

- SSHログイン用ユーザーを作成します。  

```
# useradd -m hoge
```

- 作成したSSHログイン用ユーザーの情報を確認します。  

```
# id hoge
uid=1000(hoge) gid=1000(hoge) groups=1000(hoge)
```

- SSHログイン用ユーザーのパスワードを設定します。  

```
# passwd hoge
New password: 
Retype new password: 
passwd: password updated successfully
```

- systemd-networkdサービス(ネットワークの設定)の自動起動を有効化します。  
- [systemd-networkd - ArchWiki](https://wiki.archlinux.jp/index.php/Systemd-networkd)  

```
# systemctl enable systemd-networkd
```

- systemd-resolvedサービス(名前解決)の自動起動を有効化します。  
- [systemd-resolved - ArchWiki](https://wiki.archlinux.jp/index.php/Systemd-resolved)  

```
# systemctl enable systemd-resolved
```

- Public NetworkのNWインタフェースに対して、IPアドレスを設定します。  

```
# vim /etc/systemd/network/enp1s0.network
```

```
# cat /etc/systemd/network/enp1s0.network
[Match]
Name=enp1s0

[Network]
Address=***.***.***.***/23
Gateway=***.***.***.***
DNS=***.***.***.***
LinkLocalAddressing=no
IPv6AcceptRA=no
```

- Private NetworkのNWインタフェースに対して、IPアドレスを設定します。
- Private NetworkのMTUは1450が推奨値。  

> We recommend configuring an MTU of 1450 on your private network. Using a larger MTU will result in poor performance.

```
# vim /etc/systemd/network/enp6s0.network
```

```
# cat /etc/systemd/network/enp6s0.network
[Match]
Name=enp6s0

[Link]
MTUBytes=1450

[Network]
Address=***.***.***.***/24
LinkLocalAddressing=no
IPv6AcceptRA=no
```

- opensshパッケージをインストールします。   

```
# pacman -S openssh --noconfirm
```

- SSHの自動起動を有効化します。  

```
# systemctl enable sshd
```

- grubパッケージをインストールします。  

```
# pacman -S grub --noconfirm
```

- GRUBをインストールします。  

```
# grub-install --target=i386-pc /dev/vda
```

- GRUBの起動メニューを生成します。  

```
# grub-mkconfig -o /boot/grub/grub.cfg
```

- chroot環境から抜けます。  

```
# exit
exit
arch-chroot /mnt  5.09s user 1.74s system 0% cpu 28:19.37 total
# 
```

- /mntディレクトリをアンマウントします。  

```
# umount /mnt 
```

- /mntディレクトリがアンマウントされたことを確認します。  

```
# df -h
Filesystem      Size  Used Avail Use% Mounted on
dev             452M     0  452M   0% /dev
run             486M  166M  320M  35% /run
/dev/sr0        851M  851M     0 100% /run/archiso/bootmnt
cowspace        256M  4.1M  252M   2% /run/archiso/cowspace
/dev/loop0      702M  702M     0 100% /run/archiso/airootfs
airootfs        256M  4.1M  252M   2% /
tmpfs           486M     0  486M   0% /dev/shm
tmpfs           486M     0  486M   0% /tmp
tmpfs           486M  2.2M  484M   1% /etc/pacman.d/gnupg
tmpfs            98M     0   98M   0% /run/user/0
```

- ISOイメージをアンマウントして、OSを再起動します(Vultrの管理コンソールから実行)。

# 確認

- OSの再起動後に、SSH用ログインユーザーでSSHログイン出来ることを確認します。  
- インストール後の環境確認

```
# uname -srvmo
Linux 5.10.84-1-lts #1 SMP Wed, 08 Dec 2021 10:17:01 +0000 x86_64 GNU/Linux
```
