Title:     【自分用】ArchLinuxのインストール手順 (2021年5月)  
Date:      2021-05-15 12:45  
Category:  Tech  
Tags:	   ArchLinux, Vultr    
Slug:	   3tpory  
Author:    blackle0pard  

[Vultr](https://www.vultr.com/)にArchLinuxをインストールするための、自分用メモ。正しいインストール手順は、[Installation guide - ArchWiki](https://wiki.archlinux.org/title/Installation_guide) を参照してください。

# ISOイメージの準備
- Vultrでは自分で用意したISOイメージを使ってOSをインストールすることができます。  
    - [How to Upload Custom ISOs to Vultr - Vultr.com](https://www.vultr.com/docs/requirements-for-uploading-an-os-iso-to-vultr)  
- [ISO Library](https://www.vultr.com/news/Introducing-The-ISO-Library/)の中にArchLinuxが用意されていますが、バージョンが古いので(2021年5月15日現在で、`2020.07.01.x86_64`)自分で用意したISOイメージを使います。  
- ArchLinuxのISOイメージ (日本のサーバー)  
    - [cat.net](https://mirrors.cat.net/archlinux/)  
    - [jaist.ac.jp](http://ftp.jaist.ac.jp/pub/Linux/ArchLinux/)  
    - [tsukuba.wide.ad.jp](http://ftp.tsukuba.wide.ad.jp/Linux/archlinux/)  
    - 最新の情報は、[Arch Linux JP Project - ダウンロード](https://www.archlinux.jp/download/)で確認。  

# SSHログインの準備
- 準備したISOイメージで起動後、SSHでログイン出来るように設定変更します。
- sshdサービスを起動します。  
```
root@archiso ~ # systemctl start sshd
```
- rootユーザーのパスワードを設定します。  
```
root@archiso ~ # passwd
New password: <Password>
Retype new password: <Password>
```

# インストール

- SSHでログインすると、下記のように表示されます(最近は新規でインストールしていなかったので、いつから、このような表示が出るようになったのかは知りませんでしたが・・・・・)。

```
 __________________________________________________________________________
/ To install Arch Linux follow the installation guide:                     \
| https://wiki.archlinux.org/index.php/Installation_guide                  |
|                                                                          |
| For Wi-Fi, authenticate to the wireless network using the iwctl utility. |
| For mobile broadband (WWAN) modems, connect with the mmcli utility.      |
| Ethernet, WLAN and WWAN interfaces using DHCP should work automatically. |
|                                                                          |
| After connecting to the internet, the installation guide can be accessed |
\ via the convenience script Installation_guide.                           /
 --------------------------------------------------------------------------
        \   ^__^
         \  (oo)\_______
            (__)\       )\/\
                ||----w |
                ||     ||

Last login: Wed Apr 10 11:12:13 2021
root@archiso ~ # 
```  
- キーボードのレイアウトを確認します(自分は日本語キーボードを使っているので、jpでgrepしています)。  
```
root@archiso ~ # ls /usr/share/kbd/keymaps/**/*.map.gz | grep jp
/usr/share/kbd/keymaps/i386/qwerty/jp106.map.gz
```
- 日本語キーボードのレイアウトに変更します。  
```
root@archiso ~ # loadkeys jp106
```
- boot modeを確認します。[efivars ディレクトリ](https://wiki.archlinux.org/title/Unified_Extensible_Firmware_Interface#UEFI_variables) がないので、BIOS modeで動いていると判断します。  
```
root@archiso ~ # ls /sys/firmware/efi/efivars
ls: cannot access '/sys/firmware/efi/efivars': No such file or directory
```
- ネットワークを確認します。通常、NWインタフェースは1つのみですが、[Private Network](https://www.vultr.com/ja/features/advanced-networking/)を追加していると、2つ以上接続されている場合があります。    
```
root@archiso ~ # ip link
1: lo: <LOOPBACK,UP,LOWER_UP> mtu 65536 qdisc noqueue state UNKNOWN mode DEFAULT group default qlen 1000
    link/loopback 00:00:00:00:00:00 brd 00:00:00:00:00:00
2: ens3: <BROADCAST,MULTICAST,UP,LOWER_UP> mtu 1500 qdisc fq_codel state UP mode DEFAULT group default qlen 1000
    link/ether 7a:xx:xx:xx:xx:xx brd ff:ff:ff:ff:ff:ff
    altname enp0s3
3: ens7: <BROADCAST,MULTICAST,UP,LOWER_UP> mtu 1500 qdisc mq state UP mode DEFAULT group default qlen 1000
    link/ether 76:xx:xx:xx:xx:xx brd ff:ff:ff:ff:ff:ff
    altname enp0s7
```
- システムクロックの同期状態を確認します。  
```
root@archiso ~ # timedatectl
               Local time: Wed 2021-04-10 13:11:42 UTC
           Universal time: Wed 2021-04-10 13:11:42 UTC
                 RTC time: Wed 2021-04-10 13:11:42    
                Time zone: UTC (UTC, +0000)           
System clock synchronized: no                         
              NTP service: inactive                   
          RTC in local TZ: no 
```
- システムクロックの同期を有効化します。  
```
root@archiso ~ # timedatectl set-ntp true
```
- システムクロックの同期状態を確認します。  
```
root@archiso ~ # timedatectl             
               Local time: Wed 2021-04-10 13:11:12 UTC
           Universal time: Wed 2021-04-10 13:11:12 UTC
                 RTC time: Wed 2021-04-10 13:11:12    
                Time zone: UTC (UTC, +0000)           
System clock synchronized: yes                        
              NTP service: active                     
          RTC in local TZ: no  
```
- パーティションテーブルを一覧表示します (パーティションを作成するデバイスは`/dev/vda`であることを確認)。  
```
root@archiso ~ # fdisk -l
Disk /dev/vda: 25 GiB, 26843545600 bytes, 52428800 sectors
Units: sectors of 1 * 512 = 512 bytes
Sector size (logical/physical): 512 bytes / 512 bytes
I/O size (minimum/optimal): 512 bytes / 512 bytes


Disk /dev/loop0: 618.27 MiB, 648298496 bytes, 1266208 sectors
Units: sectors of 1 * 512 = 512 bytes
Sector size (logical/physical): 512 bytes / 512 bytes
I/O size (minimum/optimal): 512 bytes / 512 bytes
```
- パーティションを作成します。今回は、Swap 1GB。それ以外はrootディレクトリにします。  
```
root@archiso ~ # fdisk /dev/vda 

Welcome to fdisk (util-linux 2.36.2).
Changes will remain in memory only, until you decide to write them.
Be careful before using the write command.

Device does not contain a recognized partition table.
Created a new DOS disklabel with disk identifier 0xxxxxxxx3.

Command (m for help): p
Disk /dev/vda: 25 GiB, 26843545600 bytes, 52428800 sectors
Units: sectors of 1 * 512 = 512 bytes
Sector size (logical/physical): 512 bytes / 512 bytes
I/O size (minimum/optimal): 512 bytes / 512 bytes
Disklabel type: dos
Disk identifier: 0xxxxxxxx3

Command (m for help): n
Partition type
   p   primary (0 primary, 0 extended, 4 free)
   e   extended (container for logical partitions)
Select (default p): p
Partition number (1-4, default 1): 1
First sector (2048-52428799, default 2048): 
Last sector, +/-sectors or +/-size{K,M,G,T,P} (2048-52428799, default 52428799): +1G

Created a new partition 1 of type 'Linux' and of size 1 GiB.

Command (m for help): p
Disk /dev/vda: 25 GiB, 26843545600 bytes, 52428800 sectors
Units: sectors of 1 * 512 = 512 bytes
Sector size (logical/physical): 512 bytes / 512 bytes
I/O size (minimum/optimal): 512 bytes / 512 bytes
Disklabel type: dos
Disk identifier: 0xxxxxxxx3

Device     Boot Start     End Sectors Size Id Type
/dev/vda1        2048 2099199 2097152   1G 83 Linux

Command (m for help): p
Disk /dev/vda: 25 GiB, 26843545600 bytes, 52428800 sectors
Units: sectors of 1 * 512 = 512 bytes
Sector size (logical/physical): 512 bytes / 512 bytes
I/O size (minimum/optimal): 512 bytes / 512 bytes
Disklabel type: dos
Disk identifier: 0xxxxxxxx3

Device     Boot Start     End Sectors Size Id Type
/dev/vda1        2048 2099199 2097152   1G 83 Linux

Command (m for help): n
Partition type
   p   primary (1 primary, 0 extended, 3 free)
   e   extended (container for logical partitions)
Select (default p): p
Partition number (2-4, default 2): 2
First sector (2099200-52428799, default 2099200): 
Last sector, +/-sectors or +/-size{K,M,G,T,P} (2099200-52428799, default 52428799): 

Created a new partition 2 of type 'Linux' and of size 24 GiB.

Command (m for help): p
Disk /dev/vda: 25 GiB, 26843545600 bytes, 52428800 sectors
Units: sectors of 1 * 512 = 512 bytes
Sector size (logical/physical): 512 bytes / 512 bytes
I/O size (minimum/optimal): 512 bytes / 512 bytes
Disklabel type: dos
Disk identifier: 0xxxxxxxx3

Device     Boot   Start      End  Sectors Size Id Type
/dev/vda1          2048  2099199  2097152   1G 83 Linux
/dev/vda2       2099200 52428799 50329600  24G 83 Linux

Command (m for help): t
Partition number (1,2, default 2): 1
Hex code or alias (type L to list all): 82

Changed type of partition 'Linux' to 'Linux swap / Solaris'.

Command (m for help): p
Disk /dev/vda: 25 GiB, 26843545600 bytes, 52428800 sectors
Units: sectors of 1 * 512 = 512 bytes
Sector size (logical/physical): 512 bytes / 512 bytes
I/O size (minimum/optimal): 512 bytes / 512 bytes
Disklabel type: dos
Disk identifier: 0xxxxxxxx3

Device     Boot   Start      End  Sectors Size Id Type
/dev/vda1          2048  2099199  2097152   1G 82 Linux swap / Solaris
/dev/vda2       2099200 52428799 50329600  24G 83 Linux

Command (m for help): w
The partition table has been altered.
Calling ioctl() to re-read partition table.
Syncing disks.
```
- swapパーティションを作成します。  
```
root@archiso ~ # mkswap /dev/vda1 
Setting up swapspace version 1, size = 1024 MiB (1073737728 bytes)
no label, UUID=11xx4996-3456-9999-ssss-2e55f9xxxxxx
```
- 初期化します。  
```
root@archiso ~ # swapon /dev/vda1 
```
- Ext4でパーティションを作成します。  
```
root@archiso ~ # mkfs.ext4 /dev/vda2 
mke2fs 1.46.2 (28-Feb-2021)
Discarding device blocks: done                            
Creating filesystem with 6291200 4k blocks and 1572864 inodes
Filesystem UUID: xxxx774d-5555-3333-xxxx-99xxxxx00css
Superblock backups stored on blocks: 
	32768, 98304, 163840, 229376, 294912, 819200, 884736, 1605632, 2654208, 
	4096000

Allocating group tables: done                            
Writing inode tables: done                            
Creating journal (32768 blocks): done
Writing superblocks and filesystem accounting information: done  
```
- 現在、マウントされているディレクトリを確認します。  
```
root@archiso ~ # df -h
Filesystem      Size  Used Avail Use% Mounted on
dev             457M     0  457M   0% /dev
run             488M  149M  339M  31% /run
/dev/sr0        751M  751M     0 100% /run/archiso/bootmnt
cowspace        256M  764K  256M   1% /run/archiso/cowspace
/dev/loop0      619M  619M     0 100% /run/archiso/airootfs
airootfs        256M  764K  256M   1% /
tmpfs           488M     0  488M   0% /dev/shm
tmpfs           4.0M     0  4.0M   0% /sys/fs/cgroup
tmpfs           488M     0  488M   0% /tmp
tmpfs           488M  2.1M  486M   1% /etc/pacman.d/gnupg
tmpfs            98M     0   98M   0% /run/user/0
```
- ISOイメージを/mnt ディレクトリにマウントします。  
```
root@archiso ~ # mount /dev/vda2 /mnt 
```
- ISOイメージが/mnt ディレクトリにマウントされたことを確認します。  
```
root@archiso ~ # df -h
Filesystem      Size  Used Avail Use% Mounted on
dev             457M     0  457M   0% /dev
run             488M  149M  339M  31% /run
/dev/sr0        751M  751M     0 100% /run/archiso/bootmnt
cowspace        256M  764K  256M   1% /run/archiso/cowspace
/dev/loop0      619M  619M     0 100% /run/archiso/airootfs
airootfs        256M  764K  256M   1% /
tmpfs           488M     0  488M   0% /dev/shm
tmpfs           4.0M     0  4.0M   0% /sys/fs/cgroup
tmpfs           488M     0  488M   0% /tmp
tmpfs           488M  2.1M  486M   1% /etc/pacman.d/gnupg
tmpfs            98M     0   98M   0% /run/user/0
/dev/vda2        24G   24K   23G   1% /mnt
```
- pacmanのパッケージリストを修正します(既存の参照先は全て削除して、新しく追加します)。参照先は下記のサイトから確認。    
    - [Arch Linux - Pacman Mirrorlist Generator](https://archlinux.org/mirrorlist/)  
```
root@archiso ~ # vim /etc/pacman.d/mirrorlist 
```
```
root@archiso ~ # cat /etc/pacman.d/mirrorlist
##
## Arch Linux repository mirrorlist
## Filtered by mirror score from mirror status page
## Generated on 2021-05-14
##

## Japan
Server = https://ftp.jaist.ac.jp/pub/Linux/ArchLinux/$repo/os/$arch
## Japan
Server = http://ftp.jaist.ac.jp/pub/Linux/ArchLinux/$repo/os/$arch
## Japan
Server = http://ftp.tsukuba.wide.ad.jp/Linux/archlinux/$repo/os/$arch
## Japan
Server = http://mirrors.cat.net/archlinux/$repo/os/$arch
## Japan
Server = https://mirrors.cat.net/archlinux/$repo/os/$arch
```
- 必須パッケージをインストールします。  
```
root@archiso ~ # pacstrap /mnt base linux linux-firmware
```

# システム設定

- fstabの設定を確認します(何も設定が入っていないはず)。
```
root@archiso ~ # cat /mnt/etc/fstab
# Static information about the filesystems.
# See fstab(5) for details.

# <file system> <dir> <type> <options> <dump> <pass>
```
- fstabを修正します。  
```
root@archiso ~ # genfstab -U /mnt >> /mnt/etc/fstab
```
- 設定が追加されたことを確認します。  
```
root@archiso ~ # cat /mnt/etc/fstab                
# Static information about the filesystems.
# See fstab(5) for details.

# <file system> <dir> <type> <options> <dump> <pass>
# /dev/vda2
UUID=xxxxxx4d-1ww3-4aac-91fd-b0cxxxxxxcss	/         	ext4      	rw,relatime	0 1

# /dev/vda1
UUID=xxxxxx86-7aa8-4998-b4a8-2e2xxxxxx5tt	none      	swap      	defaults  	0 0
```
- rootディレクトリを変更します。  
```
root@archiso ~ # arch-chroot /mnt
[root@archiso /]# 
```
- タイムゾーンを日本に設定します。  
```
[root@archiso /]# ln -sf /usr/share/zoneinfo/Asia/Tokyo /etc/localtime
```
- タイムゾーンが日本に設定されたことを確認します。  
```
[root@archiso /]# date
Wed Apr 10 11:12:13 JST 2021
```
- ハードウェア・クロックを現在のシステム・クロックに合わせます。  
```
[root@archiso /]# hwclock --systohc
```
- vimをインストールします。  
```
[root@archiso /]# pacman -S vim --noconfirm
```
- ロケールの一覧から`en_US.UTF-8 UTF-8`をアンコメントします。  
```
[root@archiso /]# vim /etc/locale.gen
```
- ロケールを生成します。  
```
[root@archiso /]# locale-gen 
Generating locales...
  en_US.UTF-8... done
Generation complete.
```
- システム全体のロケールを設定します。  
```
[root@archiso /]# echo LANG=en_US.UTF-8 > /etc/locale.conf
```
- /etc/locale.confファイルが作成されたことを確認します。  
```
[root@archiso /]# cat /etc/locale.conf 
LANG=en_US.UTF-8
```
- 日本語キーボードのレイアウトに変更します。  
```
[root@archiso /]# echo jp106  > /etc/vconsole.conf
```
- /etc/vconsole.confファイルが作成されたことを確認します。  
```
[root@archiso /]# cat /etc/vconsole.conf 
jp106
```
- ホスト名を設定します。  
```
[root@archiso /]# echo example.blackle0pard.local > /etc/hostname
```
- /etc/hostnameファイルが作成されたことを確認します。  
```
[root@archiso /]# cat /etc/hostname 
example.blackle0pard.local
```
- hostsファイルを修正します。  
```
[root@archiso /]# vim /etc/hosts
```
- 修正した内容を確認します。  
``` 
[root@archiso /]# cat /etc/hosts
# Static table lookup for hostnames.
# See hosts(5) for details.

127.0.0.1       localhost
127.0.0.1       example.blackle0pard.local example
```
- 新しいInitramfsを作成します。  
```
[root@archiso /]# mkinitcpio -P
```
- rootユーザーのパスワードを設定します。  
```
[root@archiso /]# passwd
New password: 
Retype new password: 
passwd: password updated successfully
```
- SSHログイン用ユーザーを作成します。  
```
[root@archiso /]# useradd -m hoge
```
- 作成したSSHログイン用ユーザーの情報を確認します。  
```
[root@archiso /]# id hoge
uid=1000(hoge) gid=1000(hoge) groups=1000(hoge) 
```
- SSHログイン用ユーザーのパスワードを設定します。  
```
[root@archiso /]# passwd hoge
New password: 
Retype new password: 
passwd: password updated successfully
```
- systemd-networkdサービス(ネットワークの設定)の自動起動を有効化します。  
- [systemd-networkd - ArchWiki](https://wiki.archlinux.jp/index.php/Systemd-networkd)  
```
[root@archiso /]# systemctl enable systemd-networkd
```
- systemd-resolvedサービス(名前解決)の自動起動を有効化します。  
- [systemd-resolved - ArchWiki](https://wiki.archlinux.jp/index.php/Systemd-resolved)  
```
[root@archiso /]# systemctl enable systemd-resolved
```
- Public NetworkのNWインタフェースに対して、IPアドレスを設定します。  
```
[root@archiso /]# vim /etc/systemd/network/ens3.network
```
```
[root@archiso /]# cat /etc/systemd/network/ens3.network
[Match]
Name=ens3

[Network]
Address=xxx.xxx.xxx.xxx/xx
Gateway=xxx.xxx.xxx.xxx
DNS=xxx.xxx.xxx.xxx
LinkLocalAddressing=no
IPv6AcceptRA=no
```
- Private NetworkのNWインタフェースに対して、IPアドレスを設定します。
- Private NetworkのMTUは1450が推奨値。  

> We recommend configuring an MTU of 1450 on your private network. Using a larger MTU will result in poor performance.

```
[root@archiso /]# vim /etc/systemd/network/ens7.network
```
```
[root@archiso /]# cat /etc/systemd/network/ens7.network
[Match]
Name=ens7

[Link]
MTUBytes=1450

[Network]
Address=xxx.xxx.xxx.xxx/xx
LinkLocalAddressing=no
IPv6AcceptRA=no
```
- opensshパッケージをインストールします。   
```
[root@archiso /]# pacman -S openssh --noconfirm
```
- SSHの自動起動を有効化します。  
```
[root@archiso /]# systemctl enable sshd
```
- grubパッケージをインストールします。  
```
[root@archiso /]# pacman -S grub --noconfirm
```
- GRUBをインストールします。  
```
[root@archiso /]# grub-install --target=i386-pc /dev/vda
```
- GRUBの起動メニューを生成します。  
```
[root@archiso /]#  grub-mkconfig -o /boot/grub/grub.cfg
```
- chroot環境から抜けます。  
```
[root@archiso /]# exit
exit
arch-chroot /mnt  14.56s user 5.14s system 0% cpu 40:48.42 total
root@archiso ~ # 
```
- /mntディレクトリをアンマウントします。  
```
root@archiso ~ # umount /mnt 
```
- /mntディレクトリがアンマウントされたことを確認します。  
```
root@archiso ~ # df -h
Filesystem      Size  Used Avail Use% Mounted on
dev             457M     0  457M   0% /dev
run             488M  149M  339M  31% /run
/dev/sr0        751M  751M     0 100% /run/archiso/bootmnt
cowspace        256M  792K  256M   1% /run/archiso/cowspace
/dev/loop0      619M  619M     0 100% /run/archiso/airootfs
airootfs        256M  792K  256M   1% /
tmpfs           488M     0  488M   0% /dev/shm
tmpfs           4.0M     0  4.0M   0% /sys/fs/cgroup
tmpfs           488M     0  488M   0% /tmp
tmpfs           488M  2.1M  486M   1% /etc/pacman.d/gnupg
tmpfs            98M     0   98M   0% /run/user/0
```
- ISOイメージをアンマウントして、OSを再起動します(Vultrの管理コンソールから実行)。

# 確認

- OSの再起動後に、SSH用ログインユーザーでSSHログイン出来ることを確認します。  
